// Jest Snapshot v1, https://goo.gl/fbAQLP

exports[`renders normally 1`] = `
<div>
  Assignments 2 Student View
</div>
`;
