// Jest Snapshot v1, https://goo.gl/fbAQLP

exports[`renders desert when completely empty 1`] = `
<div
  className="PlannerEmptyState-styles__root planner-empty-state"
>
  <DesertSvg
    aria-hidden="true"
    className="PlannerEmptyState-styles__desert desert"
    height="220"
    viewBox="0 0 465 220"
    width="465"
    xmlns="http://www.w3.org/2000/svg"
  />
  <div
    className="PlannerEmptyState-styles__title"
  >
    <Heading
      border="none"
      color="inherit"
      level="h2"
    >
      No Due Dates Assigned
    </Heading>
  </div>
  <div
    className="PlannerEmptyState-styles__subtitlebox"
  >
    <div
      className="PlannerEmptyState-styles__subtitle"
    >
      Looks like there isn't anything here
    </div>
    <InlineList
      as="ul"
      delimiter="pipe"
      elementRef={[Function]}
      itemSpacing="none"
      margin="none"
      size="medium"
    >
      <InlineListItem
        delimiter="none"
        elementRef={[Function]}
        padding="none"
        size="medium"
        spacing="none"
      >
        <CondensedButton
          as="button"
          color="primary"
          cursor="pointer"
          elementRef={[Function]}
          id="PlannerEmptyState_CardView"
          margin="0"
          onClick={[Function]}
          size="medium"
          type="button"
        >
          Go to Card View Dashboard
        </CondensedButton>
      </InlineListItem>
      <InlineListItem
        delimiter="none"
        elementRef={[Function]}
        padding="none"
        size="medium"
        spacing="none"
      >
        <CondensedButton
          as="button"
          color="primary"
          cursor="pointer"
          elementRef={[Function]}
          id="PlannerEmptyState_AddToDo"
          margin="0"
          onClick={[Function]}
          size="medium"
          type="button"
        >
          Add To-Do
        </CondensedButton>
      </InlineListItem>
    </InlineList>
  </div>
</div>
`;
