// Jest Snapshot v1, https://goo.gl/fbAQLP

exports[`addDomainAction creates an ADD_DOMAIN action when passed string value 1`] = `
Object {
  "payload": Object {
    "account": "instructure.com",
  },
  "type": "ADD_DOMAIN",
}
`;

exports[`addDomainAction creates an ADD_DOMAIN_OPTIMISTIC action when optimistic option is given 1`] = `
Object {
  "payload": Object {
    "account": "instructure.com",
  },
  "type": "ADD_DOMAIN_OPTIMISTIC",
}
`;

exports[`addDomainAction creates an error action if given an invalid domainType 1`] = `
Object {
  "error": true,
  "payload": [Error: domainType is invalid],
  "type": "ADD_DOMAIN",
}
`;

exports[`addDomainAction creates an error action if passed a non-string value 1`] = `
Object {
  "error": true,
  "payload": [Error: Can only set to String values],
  "type": "ADD_DOMAIN",
}
`;

exports[`addDomainBulkAction creates a ADD_DOMAIN_BULK action when passed an value 1`] = `
Object {
  "payload": Object {
    "account": Array [
      "instructure.com",
    ],
    "tools": Array [
      "google.com",
    ],
  },
  "type": "ADD_DOMAIN_BULK",
}
`;

exports[`addDomainBulkAction creates an error action if passed an invalid domainMap 1`] = `
Object {
  "error": true,
  "payload": [Error: Invalid domain type key provided in domainsMap],
  "type": "ADD_DOMAIN_BULK",
}
`;

exports[`setCspEnabledAction creates a SET_CSP_ENABLED action when passed a boolean value 1`] = `
Object {
  "payload": true,
  "type": "SET_CSP_ENABLED",
}
`;

exports[`setCspEnabledAction creates a SET_CSP_ENABLED_OPTIMISTIC action when optimistic option is given 1`] = `
Object {
  "payload": true,
  "type": "SET_CSP_ENABLED_OPTIMISTIC",
}
`;

exports[`setCspEnabledAction creates an error action if passed a non-boolean value 1`] = `
Object {
  "error": true,
  "payload": [Error: Can only set to Boolean values],
  "type": "SET_CSP_ENABLED",
}
`;
