// Jest Snapshot v1, https://goo.gl/fbAQLP

exports[`renders normally 1`] = `
<div>
  Assignments 2 Teacher View
  <AssignmentHeader
    assignment={
      Object {
        "dueAt": "The Future",
        "name": "What is the Answer?",
        "pointsPossible": 42,
      }
    }
  />
</div>
`;
