// Jest Snapshot v1, https://goo.gl/fbAQLP

exports[`renders the ProficiencyRating component 1`] = `
"<div>
  <Table caption={{...}} hover={false} size=\\"medium\\">
    <thead>
      <tr>
        <th className=\\"masteryCol\\" scope=\\"col\\">
          Mastery
        </th>
        <th scope=\\"col\\">
          Proficiency Rating
        </th>
        <th className=\\"pointsCol\\" scope=\\"col\\">
          Points
        </th>
        <th className=\\"colorCol\\" scope=\\"col\\">
          Color
        </th>
      </tr>
    </thead>
    <tbody>
      <ProficiencyRating color=\\"#6A843F\\" description=\\"Exceeds Mastery\\" descriptionError={{...}} focusField={{...}} points=\\"5\\" pointsError={{...}} mastery={false} onColorChange={[Function]} onDelete={[Function]} onDescriptionChange={[Function]} onMasteryChange={[Function]} onPointsChange={[Function]} />
      <ProficiencyRating color=\\"#8AAC53\\" description=\\"Mastery\\" descriptionError={{...}} focusField={{...}} points=\\"4\\" pointsError={{...}} mastery={true} onColorChange={[Function]} onDelete={[Function]} onDescriptionChange={[Function]} onMasteryChange={[Function]} onPointsChange={[Function]} />
      <ProficiencyRating color=\\"#E0D773\\" description=\\"Near Mastery\\" descriptionError={{...}} focusField={{...}} points=\\"3\\" pointsError={{...}} mastery={false} onColorChange={[Function]} onDelete={[Function]} onDescriptionChange={[Function]} onMasteryChange={[Function]} onPointsChange={[Function]} />
      <ProficiencyRating color=\\"#DF5B59\\" description=\\"Well Below Mastery\\" descriptionError={{...}} focusField={{...}} points=\\"2\\" pointsError={{...}} mastery={false} onColorChange={[Function]} onDelete={[Function]} onDescriptionChange={[Function]} onMasteryChange={[Function]} onPointsChange={[Function]} />
      <tr>
        <td colSpan=\\"4\\" style={{...}}>
          <Button variant=\\"circle-primary\\" onClick={[Function]} as=\\"button\\" type=\\"button\\" size=\\"medium\\" margin=\\"0\\" fluidWidth={false} buttonRef={[Function]}>
            <IconPlusLine title=\\"Add proficiency rating\\" />
          </Button>
        </td>
      </tr>
    </tbody>
  </Table>
  <div className=\\"save\\">
    <Button variant=\\"primary\\" onClick={[Function]} as=\\"button\\" type=\\"button\\" size=\\"medium\\" margin=\\"0\\" fluidWidth={false} buttonRef={[Function]}>
      Save Learning Mastery
    </Button>
  </div>
</div>"
`;
