// Jest Snapshot v1, https://goo.gl/fbAQLP

exports[`renders a ScreenReaderContent by default 1`] = `
<ScreenReaderContent
  as="span"
>
  <CondensedButton
    as="button"
    color="primary"
    cursor="pointer"
    elementRef={[Function]}
    margin="0"
    onBlur={[Function]}
    onFocus={[Function]}
    size="medium"
    type="button"
  >
    Button
  </CondensedButton>
</ScreenReaderContent>
`;
